// Jest Snapshot v1, https://goo.gl/fbAQLP

exports[`renders 1`] = `
<div
  className="MainHeader"
>
  <div
    className="title"
  >
    Lovable. Simple. Refined.
  </div>
  <div
    className="subtitle"
  >
    I listen to users and build the 
    <i>
      minimal lovable solution
    </i>
     to their needs.
  </div>
</div>
`;
