// Jest Snapshot v1, https://goo.gl/fbAQLP

exports[`renders 1`] = `
<div
  className="Services"
>
  <div
    className="title"
  >
    Services
  </div>
  <div
    className="subtitle"
  >
    End-to-end software development
  </div>
  <div
    className="grid-container"
  >
    <div
      className="grid-item"
    >
      Web apps
    </div>
    <div
      className="grid-item"
    >
      Mobile apps
    </div>
    <div
      className="grid-item"
    >
      User testing
    </div>
    <div
      className="grid-item"
    >
      Strategic planning
    </div>
  </div>
</div>
`;
