// Jest Snapshot v1, https://goo.gl/fbAQLP

exports[`renders 1`] = `
<div
  className="Footer-footer-1 Footer"
>
  <ul
    className="social-links"
  >
    <SocialLink
      icon={
        Object {
          "ReactComponent": [Function],
          "__esModule": true,
          "default": "Facebook-black.svg",
        }
      }
      iconHover={
        Object {
          "ReactComponent": [Function],
          "__esModule": true,
          "default": "Facebook-color.svg",
        }
      }
      name="Facebook"
      url="https://www.facebook.com/LsrFocus"
    />
    <SocialLink
      icon={
        Object {
          "ReactComponent": [Function],
          "__esModule": true,
          "default": "LinkedIn-black.svg",
        }
      }
      iconHover={
        Object {
          "ReactComponent": [Function],
          "__esModule": true,
          "default": "LinkedIn-color.svg",
        }
      }
      name="LinkedIn"
      url="https://www.linkedin.com/company/18449687"
    />
    <SocialLink
      icon={
        Object {
          "ReactComponent": [Function],
          "__esModule": true,
          "default": "Twitter-black.svg",
        }
      }
      iconHover={
        Object {
          "ReactComponent": [Function],
          "__esModule": true,
          "default": "Twitter-color.svg",
        }
      }
      name="Twitter"
      url="https://twitter.com/LsrFocus"
    />
    <SocialLink
      icon={
        Object {
          "ReactComponent": [Function],
          "__esModule": true,
          "default": "Github-black.svg",
        }
      }
      iconHover={
        Object {
          "ReactComponent": [Function],
          "__esModule": true,
          "default": "Github-color.svg",
        }
      }
      name="GitHub"
      url="https://github.com/lsrfocus"
    />
  </ul>
  <div>
    Full website coming soon.
  </div>
  <div>
    © 2020 LSR Software LLC •
     
    <a
      href="https://github.com/lsrfocus/website"
    >
      View source
    </a>
  </div>
</div>
`;
