// Jest Snapshot v1, https://goo.gl/fbAQLP

exports[`renders 1`] = `
<div
  className="Hero"
>
  <div
    className="title"
  >
    Lovable. Simple. Refined.
  </div>
  <div
    className="section"
  >
    <div
      className="subtitle"
    >
      I listen to users and build the 
      <i>
        minimal lovable solution
      </i>
       to meet their needs.
    </div>
  </div>
  <div
    className="buttons"
  >
    <a
      className="MuiButtonBase-root-16 MuiButton-root-1 NavButton bordered"
      exact={undefined}
      href="mailto:kevin@lsrfocus.com"
      onBlur={[Function]}
      onFocus={[Function]}
      onKeyDown={[Function]}
      onKeyUp={[Function]}
      onMouseDown={[Function]}
      onMouseLeave={[Function]}
      onMouseUp={[Function]}
      onTouchEnd={[Function]}
      onTouchMove={[Function]}
      onTouchStart={[Function]}
      tabIndex={0}
      to={undefined}
    >
      <span
        className="MuiButton-label-2"
      >
        <div
          className="link-text"
        >
          Contact
        </div>
      </span>
      <span
        className="MuiTouchRipple-root-18"
      />
    </a>
  </div>
</div>
`;
