// Jest Snapshot v1, https://goo.gl/fbAQLP

exports[`renders 1`] = `
<div
  className="NavBar material z-depth-1"
>
  <a
    href="/"
  >
    <img
      alt="Company logo"
      className="logo"
      src="logo.svg"
    />
  </a>
  <div
    className="buttons"
  >
    <a
      className="NavButton material waves-effect waves-teal btn-flat"
      href="/"
    >
      <div>
        Home
      </div>
    </a>
    <a
      className="NavButton material waves-effect waves-teal btn-flat"
      href="mailto:kevin@lsrfocus.com"
    >
      <div>
        Contact
      </div>
    </a>
  </div>
</div>
`;
