// Jest Snapshot v1, https://goo.gl/fbAQLP

exports[`renders 1`] = `
<div
  className="NavBar material z-depth-1"
>
  <a
    href="/"
  >
    <img
      alt="Company logo"
      className="logo"
      src="logo.svg"
    />
  </a>
  <div
    className="buttons"
  >
    <div
      className="NavButton "
    >
      <Link
        className="material waves-effect waves-teal btn-flat"
        to="/"
      >
        <div
          className="link-text"
        >
          Home
        </div>
      </Link>
    </div>
    <div
      className="NavButton "
    >
      <a
        className="material waves-effect waves-teal btn-flat"
        href="mailto:kevin@lsrfocus.com"
      >
        <div
          className="link-text"
        >
          Contact
        </div>
      </a>
    </div>
  </div>
</div>
`;
