// Jest Snapshot v1, https://goo.gl/fbAQLP

exports[`renders 1`] = `
<div
  className="AboutCompany page"
>
  <div
    className="title"
  >
    About LSR
  </div>
  <div
    className="section"
  >
    <div
      className="subtitle"
    >
      L – Lovable
    </div>
    <div
      className="description"
    >
      Your users should enjoy using your product.
    </div>
  </div>
  <div
    className="section"
  >
    <div
      className="subtitle"
    >
      S – Simple
    </div>
    <div
      className="description"
    >
      Your users should find your product straightforward and easy to use.
    </div>
  </div>
  <div
    className="section"
  >
    <div
      className="subtitle"
    >
      R – Refined
    </div>
    <div
      className="description"
    >
      Your users should be able to tell you what they want so that you can refine your product. Your product should be released as soon as it's lovable and simple, then iteratively improved.
    </div>
  </div>
  <div
    className="section"
  >
    <div
      className="subtitle"
    >
      How do I measure these things?
    </div>
    <div
      className="description"
    >
      Note how each of the above sections starts with "Your users". They are the ones who can tell you if your product meets these criteria.
    </div>
  </div>
  <div
    className="section"
  >
    <div
      className="subtitle"
    >
      Why those three words?
    </div>
    <div
      className="description"
    >
      LSR comes from a combination of two important concepts in software development: 
      <a
        href="http://blog.crisp.se/2016/01/25/henrikkniberg/making-sense-of-mvp"
      >
        Minimal Lovable Product
      </a>
       and 
      <a
        href="https://steveblank.com/2015/05/06/build-measure-learn-throw-things-against-the-wall-and-see-if-they-work/"
      >
        Build Measure Learn
      </a>
      .
    </div>
    <div
      className="description"
    >
      I highly recommend reading through those links to learn more.
    </div>
  </div>
</div>
`;
