// Jest Snapshot v1, https://goo.gl/fbAQLP

exports[`renders 1`] = `
<div
  className="App"
>
  <div
    className="nav-bar material z-depth-1"
  >
    <img
      alt="Company logo"
      className="company-logo"
      src="logo.svg"
    />
  </div>
  <div
    className="main-header"
  >
    <div
      className="main-subtitle"
    >
      Lovable. Simple. Refined.
    </div>
    <div
      className="main-subtitle"
    >
      Full website coming soon. 
      <a
        href="mailto:kevin@lsrfocus.com"
      >
        Contact us
      </a>
       for inquiries.
    </div>
  </div>
  <ul
    className="social-links"
  >
    <SocialLink
      icon="Github-black.svg"
      iconHover="Github-color.svg"
      name="GitHub"
      url="https://github.com/lsrfocus"
    />
    <SocialLink
      icon="LinkedIn-black.svg"
      iconHover="LinkedIn-color.svg"
      name="LinkedIn"
      url="https://www.linkedin.com/company/18449687"
    />
    <SocialLink
      icon="Facebook-black.svg"
      iconHover="Facebook-color.svg"
      name="Facebook"
      url="https://www.facebook.com/LsrFocus"
    />
    <SocialLink
      icon="Twitter-black.svg"
      iconHover="Twitter-color.svg"
      name="Twitter"
      url="https://twitter.com/LsrFocus"
    />
  </ul>
</div>
`;
