// Jest Snapshot v1, https://goo.gl/fbAQLP

exports[`renders 1`] = `
<Router>
  <div
    className="App"
  >
    <NavBar />
    <Switch>
      <Route
        component="MainBody"
        exact={true}
        path="/"
      />
      <Route
        component={[Function]}
        exact={true}
        path="/services"
      />
      <Route
        component={[Function]}
      />
    </Switch>
    <Footer />
  </div>
</Router>
`;
