// Jest Snapshot v1, https://goo.gl/fbAQLP

exports[`renders 1`] = `
<div
  className="AboutMe page"
>
  <div
    className="title"
  >
    About Kevin
  </div>
  <img
    alt="Kevin at his laptop with Ziri"
    className="AboutMe-avatar-1"
    src="kevin-ziri-min.jpg"
  />
  <div
    className="section"
  >
    <div
      className="description"
    >
      Kevin is the founder and owner of LSR Software. He lives in Ann Arbor with his partner Nina and two cats Midna and Ziri (pictured).
    </div>
    <div
      className="description"
    >
      Find out more at his 
      <a
        href="https://cooperka.com/"
      >
        personal website
      </a>
      .
    </div>
  </div>
</div>
`;
