// Jest Snapshot v1, https://goo.gl/fbAQLP

exports[`renders 1`] = `
<div
  className="App"
>
  <div
    className="main-header"
  >
    <img
      alt="profile"
      className="profile-photo"
      src="profile-2017-web@800.jpg"
    />
    <div
      className="main-title"
    >
      Kevin Cooper
    </div>
    <div
      className="main-subtitle"
    >
      Software Engineer
    </div>
  </div>
  <ul
    className="social-links"
  >
    <SocialLink
      icon="Github-black.svg"
      iconHover="Github-color.svg"
      name="GitHub"
      url="https://github.com/cooperka"
    />
    <SocialLink
      icon="LinkedIn-black.svg"
      iconHover="LinkedIn-color.svg"
      name="LinkedIn"
      url="https://www.linkedin.com/in/cooperka92"
    />
    <SocialLink
      icon="Medium-black.svg"
      iconHover="Medium-color.svg"
      name="Medium"
      url="https://medium.com/@cooperka"
    />
    <SocialLink
      icon="Facebook-black.svg"
      iconHover="Facebook-color.svg"
      name="Facebook"
      url="https://www.facebook.com/cooperka"
    />
    <SocialLink
      icon="Twitter-black.svg"
      iconHover="Twitter-color.svg"
      name="Twitter"
      url="https://twitter.com/cooperka92"
    />
    <SocialLink
      icon="Tumblr-black.svg"
      iconHover="Tumblr-color.svg"
      name="Tumblr"
      url="https://mentalmorsels.tumblr.com/"
    />
  </ul>
</div>
`;
